// Jest Snapshot v1, https://goo.gl/fbAQLP

exports[`PostItem.vue has the expected html structure 1`] = `
<div
  class="post"
>
  <div>
    <h2
      class="post_title"
    >
      title
    </h2>
     
    <p
      class="post_message"
    >
      message
    </p>
     
    <p
      class="post_id"
    >
      id: 1
    </p>
     
    <div
      class="control_buttons"
    >
      <button
        class="edit"
        type="button"
      >
        Edit
      </button>
       
      <button
        class="delete"
        type="button"
      >
        Delete
      </button>
    </div>
  </div>
</div>
`;

exports[`PostItem.vue should toggle delete 1`] = `
<div
  class="post"
>
  <div>
    <h2
      class="post_title"
    >
      title
    </h2>
     
    <p
      class="post_message"
    >
      message
    </p>
     
    <p
      class="post_id"
    >
      id: 1
    </p>
     
    <div
      class="control_buttons"
    >
      <button
        class="edit"
        type="button"
      >
        Edit
      </button>
       
      <button
        class="delete"
        type="button"
      >
        Delete
      </button>
    </div>
  </div>
</div>
`;

exports[`PostItem.vue should toggle editable 1`] = `
<div
  class="post"
>
  <!---->
</div>
`;
